testing begins
New test at 08:08:03 GMT+0100 (Central European Standard Time)
