testing begins
New test at 10:51:18 GMT+0100 (Central European Standard Time)
